# Test creating a release
git branch 0.1.0
git push --set-upstream origin 0.1.0
To ../fake_repo
 * [new branch]      0.1.0 -> 0.1.0
Branch 0.1.0 set up to track remote branch 0.1.0 from origin.
git archive --prefix=distribution_test-0.1.0/ -o ../distribution_test-0.1.0.zip 0.1.0
distribution_test-0.1.0/t/TEST_DOC.asc
distribution_test-0.1.0/t/doc/asc_doc.asc
distribution_test-0.1.0/t/doc/asciidoc_doc.asciidoc
# Ensure there's at least some docs in the distribution
# Ensure there are no pgxntool docs in the distribution
