# Mess with output to test make results
# Test make results
rm -rf  sql/pgxntool-test--0.1.0.sql
rm -rf results/ regression.diffs regression.out tmp_check/ log/
cp sql/pgxntool-test.sql sql/pgxntool-test--0.1.0.sql
@INSTALL@ -c -d '@PG_LOCATION@/share/extension'
@INSTALL@ -c -m 644 ./sql/pgxntool-test--0.1.0.sql ./sql/pgxntool-test--0.1.0--0.1.1.sql ./pgxntool-test.control  '@PG_LOCATION@/share/extension/'
INVOCATION OF pg_regress
(using postmaster on Unix socket, default port)
============== dropping database "contrib_regression" ==============
DROP DATABASE
============== creating database "contrib_regression" ==============
CREATE DATABASE
ALTER DATABASE
============== installing plpgsql                     ==============
CREATE LANGUAGE
============== running regression test queries        ==============
test pgxntool-test            ... FAILED

======================
 1 of 1 tests failed. 
======================

The differences that caused some tests to fail can be viewed in the
file "@TEST_DIR@/repo/test/regression.diffs".  A copy of the test summary that you see
above is saved in the file "@TEST_DIR@/repo/test/regression.out".

make[1]: [installcheck] Error 1 (ignored)
*** @TEST_DIR@/repo/test/expected/pgxntool-test.out
--- @TEST_DIR@/repo/test/results/pgxntool-test.out
***************
*** 57,60 ****
  \echo # TRANSACTION INTENTIONALLY LEFT OPEN!
  # TRANSACTION INTENTIONALLY LEFT OPEN!
  -- vi: expandtab ts=2 sw=2
- 
--- 57,59 ----

======================================================================

######################################
# ^^^ Should have a diff ^^^
######################################
rm -rf  sql/pgxntool-test--0.1.0.sql
rm -rf results/ regression.diffs regression.out tmp_check/ log/
cp sql/pgxntool-test.sql sql/pgxntool-test--0.1.0.sql
@INSTALL@ -c -d '@PG_LOCATION@/share/extension'
@INSTALL@ -c -m 644 ./sql/pgxntool-test--0.1.0.sql ./sql/pgxntool-test--0.1.0--0.1.1.sql ./pgxntool-test.control  '@PG_LOCATION@/share/extension/'
INVOCATION OF pg_regress
(using postmaster on Unix socket, default port)
============== dropping database "contrib_regression" ==============
DROP DATABASE
============== creating database "contrib_regression" ==============
CREATE DATABASE
ALTER DATABASE
============== installing plpgsql                     ==============
CREATE LANGUAGE
============== running regression test queries        ==============
test pgxntool-test            ... FAILED

======================
 1 of 1 tests failed. 
======================

The differences that caused some tests to fail can be viewed in the
file "@TEST_DIR@/repo/test/regression.diffs".  A copy of the test summary that you see
above is saved in the file "@TEST_DIR@/repo/test/regression.out".

make[1]: [installcheck] Error 1 (ignored)
*** @TEST_DIR@/repo/test/expected/pgxntool-test.out
--- @TEST_DIR@/repo/test/results/pgxntool-test.out
***************
*** 57,60 ****
  \echo # TRANSACTION INTENTIONALLY LEFT OPEN!
  # TRANSACTION INTENTIONALLY LEFT OPEN!
  -- vi: expandtab ts=2 sw=2
- 
--- 57,59 ----

======================================================================

rsync -rlpgovP test/results/ test/expected
sending incremental file list
pgxntool-test.out
RSYNC OUTPUT

sent 1,851 bytes  received 35 bytes  3,772.00 bytes/sec
total size is 1,728  speedup is 0.92
rm -rf  sql/pgxntool-test--0.1.0.sql
rm -rf results/ regression.diffs regression.out tmp_check/ log/
cp sql/pgxntool-test.sql sql/pgxntool-test--0.1.0.sql
@INSTALL@ -c -d '@PG_LOCATION@/share/extension'
@INSTALL@ -c -m 644 ./sql/pgxntool-test--0.1.0.sql ./sql/pgxntool-test--0.1.0--0.1.1.sql ./pgxntool-test.control  '@PG_LOCATION@/share/extension/'
INVOCATION OF pg_regress
(using postmaster on Unix socket, default port)
============== dropping database "contrib_regression" ==============
DROP DATABASE
============== creating database "contrib_regression" ==============
CREATE DATABASE
ALTER DATABASE
============== installing plpgsql                     ==============
CREATE LANGUAGE
============== running regression test queries        ==============
test pgxntool-test            ... ok

=====================
 All 1 tests passed. 
=====================

######################################
# ^^^ Should be clean output, BUT NOTE THERE WILL BE A FAILURE DIRECTLY ABOVE! ^^^
######################################
