# Run setup.sh again to verify it doesn't over-write things
.gitignore already exists
META.in.json already exists
Makefile already exists
make[1]: `META.json' is up to date.
deps.sql already exists
On branch master
Your branch is ahead of 'origin/master' by 4 commits.
  (use "git push" to publish your local commits)
nothing to commit, working tree clean
If you won't be creating C code then you can:

rmdir src

If everything looks good then

git commit -am 'Add pgxntool (https://github.com/decibel/pgxntool/tree/release)'
# Copy stuff from template to where it normally lives
# Add extension to deps.sql
